// Jest Snapshot v1, https://goo.gl/fbAQLP

exports[`test generateBbsCode() correctly translate empty list to empty string 1`] = `""`;

exports[`test generateBbsCode() correctly translate header part 1`] = `
"Our next ... experiences.

======

[size=130%][b]Quick Navigation:[/b][/size]"
`;

exports[`test generateBbsCode() correctly translate hero name for Lt. Morales 1`] = `"[b]莫拉莉斯中尉：[/b]"`;

exports[`test generateBbsCode() correctly translate links with spaces 1`] = `"Please stop by the[url=https://us.forums.blizzard.com]PTR Bug Report forum[/url]to let us know."`;

exports[`test generateBbsCode() correctly translate menu in desired format (as a child) 1`] = `
"[list][*]Heroes
[*]Bug Fixes
[/list]"
`;

exports[`test generateBbsCode() correctly translate menu in desired format 1`] = `
"[list][*]Heroes
[*]Bug Fixes
[/list]"
`;
